Γû▓ Next.js 16.1.6 (Turbopack)
- Environments: .env.local

  Creating an optimized production build ...
node.exe : 
Turbopack build 
encountered 1 
warnings:
At line:1 char:1
+ & "C:\Program File
s\nodejs/node.exe" 
"C:\Program Files\no
dejs/node_mo ...
+ ~~~~~~~~~~~~~~~~~~
~~~~~~~~~~~~~~~~~~~~
~~~~~~~~~~~~~~~~~~~~
~~~~~~~~~~~
    + CategoryInfo  
            : NotS  
  pecified: (Turb   
 opack build enc    
ountered 1 warn    
ings::String) [    
], RemoteExcept    
ion
    + FullyQualifie 
   dErrorId : Nati  
  veCommandError
 
./tailwind.config.ts
:77:13
Module not found: 
Can't resolve 'tailw
indcss-animate'
[0m [90m 75 
|[39m   	}
 [90m 76 |[39m   
}[33m,[39m
[31m[1m>[22m[39m
[90m 77 |[39m   
plugins[33m:[39m [
require([32m"tailwi
ndcss-animate"[39m)
][33m,[39m
 [90m    |[39m    
         [31m[1m^
[22m[39m[31m[1m^
[22m[39m[31m[1m^
[22m[39m[31m[1m^
[22m[39m[31m[1m^
[22m[39m[31m[1m^
[22m[39m[31m[1m^
[22m[39m[31m[1m^
[22m[39m[31m[1m^
[22m[39m[31m[1m^
[22m[39m[31m[1m^
[22m[39m[31m[1m^
[22m[39m[31m[1m^
[22m[39m[31m[1m^
[22m[39m[31m[1m^
[22m[39m[31m[1m^
[22m[39m[31m[1m^
[22m[39m[31m[1m^
[22m[39m[31m[1m^
[22m[39m[31m[1m^
[22m[39m[31m[1m^
[22m[39m[31m[1m^
[22m[39m[31m[1m^
[22m[39m[31m[1m^
[22m[39m[31m[1m^
[22m[39m[31m[1m^
[22m[39m[31m[1m^
[22m[39m[31m[1m^
[22m[39m[31m[1m^
[22m[39m[31m[1m^
[22m[39m
 [90m 78 |[39m 
}[33m;[39m
 [90m 79 |[39m 
[36mexport[39m 
[36mdefault[39m 
config[33m;[39m
 [90m 80 |[39m[0m



https://nextjs.org/d
ocs/messages/module-
not-found


Γ£ô Compiled successfully in 4.7s
  Running TypeScript ...
Failed to compile.

./tailwind.config.ts
:4:5
Type error: Type 
'["class"]' is not 
assignable to type 
'DarkModeStrategy | 
undefined'.
  Type '["class"]' 
is not assignable 
to type '["class", 
string]'.
    Source has 1 
element(s) but 
target requires 2.

[0m [90m 2 |[39m
 [90m 3 |[39m 
[36mconst[39m 
config[33m:[39m 
[33mConfig[39m 
[33m=[39m {
[31m[1m>[22m[39m
[90m 4 |[39m     
darkMode[33m:[39m 
[[32m"class"[39m]
[33m,[39m
 [90m   |[39m     
[31m[1m^[22m[39m
 [90m 5 |[39m     
content[33m:[39m [
 [90m 6 |[39m     
[32m"./src/pages/**
/*.{js,ts,jsx,tsx,md
x}"[39m[33m,[39m
 [90m 7 |[39m     
[32m"./src/componen
ts/**/*.{js,ts,jsx,t
sx,mdx}"[39m[33m,
[39m[0m
Next.js build 
worker exited with 
code: 1 and signal: 
null
